[0;10m┌[0;10m[0;10m────────[0;10m┬[0;10m─────────────[0;10m┬[0;10m─────[0;10m┬[0;10m────────[0;10m┬[0;10m───[0;10m[0;10m┐[0;10m
[0;10m│[0;10m[0;10mitem    [0;10m│[0;10mnote         [0;10m│[0;10mprice[0;10m│[0;10mdiscount[0;10m│[0;10mqty[0;10m[0;10m│[0;10m
[0;10m├[0;10m[0;10m────────[0;10m┼[0;10m─────────────[0;10m┼[0;10m─────[0;10m┼[0;10m────────[0;10m┼[0;10m───[0;10m[0;10m┤[0;10m
[0;10m│[0;10m[0;10msocks   [0;10m[0;10m│[0;10m[0;10mnice and warm[0;10m[0;10m│[0;10m[0;10m   10[0;10m[0;10m│[0;10m[0;10m       0[0;10m[0;10m│[0;10m[0;10m  5[0;10m[0;10m│[0;10m
[0;10m│[0;10m[0;10mgloves  [0;10m[0;10m│[0;10m[0;10mmade of wool [0;10m[0;10m│[0;10m[0;10m   55[0;10m[0;10m│[0;10m[0;10m     0.4[0;10m[0;10m│[0;10m[0;10m 25[0;10m[0;10m│[0;10m
[0;10m│[0;10m[0;10mcardigan[0;10m[0;10m│[0;10m[0;10ma bit pricey [0;10m[0;10m│[0;10m[0;10m  255[0;10m[0;10m│[0;10m[0;10m     0.1[0;10m[0;10m│[0;10m[0;10m 11[0;10m[0;10m│[0;10m
[0;10m│[0;10m[0;10mhat     [0;10m[0;10m│[0;10m[0;10mold fashioned[0;10m[0;10m│[0;10m[0;10m   44[0;10m[0;10m│[0;10m[0;10m     0.2[0;10m[0;10m│[0;10m[0;10m 33[0;10m[0;10m│[0;10m
[0;10m│[0;10m[0;10mshoes   [0;10m[0;10m│[0;10m[0;10mfor running  [0;10m[0;10m│[0;10m[0;10m  155[0;10m[0;10m│[0;10m[0;10m       0[0;10m[0;10m│[0;10m[0;10m  4[0;10m[0;10m│[0;10m
[0;10m└[0;10m[0;10m────────[0;10m┴[0;10m─────────────[0;10m┴[0;10m─────[0;10m┴[0;10m────────[0;10m┴[0;10m───[0;10m[0;10m┘[0;10m	

[0;10m[31;42m┌[0;10m[0;10m[31;42m────────[0;10m[31;42m┬[0;10m[31;42m─────────────[0;10m[31;42m┬[0;10m[31;42m─────[0;10m[31;42m┬[0;10m[31;42m────────[0;10m[31;42m┬[0;10m[31;42m───[0;10m[0;10m[31;42m┐[0;10m
[0;10m[31;42m│[0;10m[0;10mitem    [0;10m[31;42m│[0;10mnote         [0;10m[31;42m│[0;10mprice[0;10m[31;42m│[0;10mdiscount[0;10m[31;42m│[0;10mqty[0;10m[0;10m[31;42m│[0;10m
[0;10m[31;42m├[0;10m[0;10m[31;42m────────[0;10m[31;42m┼[0;10m[31;42m─────────────[0;10m[31;42m┼[0;10m[31;42m─────[0;10m[31;42m┼[0;10m[31;42m────────[0;10m[31;42m┼[0;10m[31;42m───[0;10m[0;10m[31;42m┤[0;10m
[0;10m[31;42m│[0;10m[0;10msocks   [0;10m[0;10m[31;42m│[0;10m[0;10mnice and warm[0;10m[0;10m[31;42m│[0;10m[0;10m   10[0;10m[0;10m[31;42m│[0;10m[0;10m       0[0;10m[0;10m[31;42m│[0;10m[0;10m  5[0;10m[0;10m[31;42m│[0;10m
[0;10m[31;42m│[0;10m[0;10mgloves  [0;10m[0;10m[31;42m│[0;10m[0;10mmade of wool [0;10m[0;10m[31;42m│[0;10m[0;10m   55[0;10m[0;10m[31;42m│[0;10m[0;10m     0.4[0;10m[0;10m[31;42m│[0;10m[0;10m 25[0;10m[0;10m[31;42m│[0;10m
[0;10m[31;42m│[0;10m[0;10mcardigan[0;10m[0;10m[31;42m│[0;10m[0;10ma bit pricey [0;10m[0;10m[31;42m│[0;10m[0;10m  255[0;10m[0;10m[31;42m│[0;10m[0;10m     0.1[0;10m[0;10m[31;42m│[0;10m[0;10m 11[0;10m[0;10m[31;42m│[0;10m
[0;10m[31;42m│[0;10m[0;10mhat     [0;10m[0;10m[31;42m│[0;10m[0;10mold fashioned[0;10m[0;10m[31;42m│[0;10m[0;10m   44[0;10m[0;10m[31;42m│[0;10m[0;10m     0.2[0;10m[0;10m[31;42m│[0;10m[0;10m 33[0;10m[0;10m[31;42m│[0;10m
[0;10m[31;42m│[0;10m[0;10mshoes   [0;10m[0;10m[31;42m│[0;10m[0;10mfor running  [0;10m[0;10m[31;42m│[0;10m[0;10m  155[0;10m[0;10m[31;42m│[0;10m[0;10m       0[0;10m[0;10m[31;42m│[0;10m[0;10m  4[0;10m[0;10m[31;42m│[0;10m
[0;10m[31;42m└[0;10m[0;10m[31;42m────────[0;10m[31;42m┴[0;10m[31;42m─────────────[0;10m[31;42m┴[0;10m[31;42m─────[0;10m[31;42m┴[0;10m[31;42m────────[0;10m[31;42m┴[0;10m[31;42m───[0;10m[0;10m[31;42m┘[0;10m	

[0;10m┌[0;10m[0;10m────────[0;10m┬[0;10m─────────────[0;10m┬[0;10m─────[0;10m┬[0;10m────────[0;10m┬[0;10m───[0;10m[0;10m┐[0;10m
[0;10m│[0;10m[0;10m[1mitem    [0;10m│[0;10m[1mnote         [0;10m│[0;10m[1mprice[0;10m│[0;10m[1mdiscount[0;10m│[0;10m[1mqty[0;10m[0;10m│[0;10m
[0;10m├[0;10m[0;10m────────[0;10m┼[0;10m─────────────[0;10m┼[0;10m─────[0;10m┼[0;10m────────[0;10m┼[0;10m───[0;10m[0;10m┤[0;10m
[0;10m│[0;10m[0;10msocks   [0;10m[0;10m│[0;10m[0;10mnice and warm[0;10m[0;10m│[0;10m[0;10m   10[0;10m[0;10m│[0;10m[0;10m       0[0;10m[0;10m│[0;10m[0;10m  5[0;10m[0;10m│[0;10m
[0;10m│[0;10m[0;10mgloves  [0;10m[0;10m│[0;10m[0;10mmade of wool [0;10m[0;10m│[0;10m[0;10m   55[0;10m[0;10m│[0;10m[0;10m     0.4[0;10m[0;10m│[0;10m[0;10m 25[0;10m[0;10m│[0;10m
[0;10m│[0;10m[0;10mcardigan[0;10m[0;10m│[0;10m[0;10ma bit pricey [0;10m[0;10m│[0;10m[0;10m  255[0;10m[0;10m│[0;10m[0;10m     0.1[0;10m[0;10m│[0;10m[0;10m 11[0;10m[0;10m│[0;10m
[0;10m│[0;10m[0;10mhat     [0;10m[0;10m│[0;10m[0;10mold fashioned[0;10m[0;10m│[0;10m[0;10m   44[0;10m[0;10m│[0;10m[0;10m     0.2[0;10m[0;10m│[0;10m[0;10m 33[0;10m[0;10m│[0;10m
[0;10m│[0;10m[0;10mshoes   [0;10m[0;10m│[0;10m[0;10mfor running  [0;10m[0;10m│[0;10m[0;10m  155[0;10m[0;10m│[0;10m[0;10m       0[0;10m[0;10m│[0;10m[0;10m  4[0;10m[0;10m│[0;10m
[0;10m├[0;10m[0;10m────────[0;10m┼[0;10m─────────────[0;10m┼[0;10m─────[0;10m┼[0;10m────────[0;10m┼[0;10m───[0;10m[0;10m┤[0;10m
[0;10m│[0;10m[0;10m[97;41m        [0;10m│[0;10m[97;41m             [0;10m│[0;10m[97;41m  519[0;10m│[0;10m[97;41m     0.7[0;10m│[0;10m[97;41m 78[0;10m[0;10m│[0;10m
[0;10m└[0;10m[0;10m────────[0;10m┴[0;10m─────────────[0;10m┴[0;10m─────[0;10m┴[0;10m────────[0;10m┴[0;10m───[0;10m[0;10m┘[0;10m	

[0;10m┌[0;10m[0;10m────────[0;10m┬[0;10m─────────────[0;10m┬[0;10m─────[0;10m┬[0;10m────────[0;10m┬[0;10m───[0;10m[0;10m┐[0;10m
[0;10m│[0;10m[0;10m[1;93mitem    [0;10m│[0;10m[1;93mnote         [0;10m│[0;10m[1;93mprice[0;10m│[0;10m[1;93mdiscount[0;10m│[0;10m[1;93mqty[0;10m[0;10m│[0;10m
[0;10m├[0;10m[0;10m────────[0;10m┼[0;10m─────────────[0;10m┼[0;10m─────[0;10m┼[0;10m────────[0;10m┼[0;10m───[0;10m[0;10m┤[0;10m
[0;10m│[0;10m[0;10m[96msocks   [0;10m[0;10m│[0;10m[0;10m[96mnice and warm[0;10m[0;10m│[0;10m[0;10m[96m   10[0;10m[0;10m│[0;10m[0;10m[96m       0[0;10m[0;10m│[0;10m[0;10m[96m  5[0;10m[0;10m│[0;10m
[0;10m│[0;10m[0;10m[96mgloves  [0;10m[0;10m│[0;10m[0;10m[96mmade of wool [0;10m[0;10m│[0;10m[0;10m[96m   55[0;10m[0;10m│[0;10m[0;10m[96m     0.4[0;10m[0;10m│[0;10m[0;10m[96m 25[0;10m[0;10m│[0;10m
[0;10m│[0;10m[0;10m[96mcardigan[0;10m[0;10m│[0;10m[0;10m[96ma bit pricey [0;10m[0;10m│[0;10m[0;10m[96m  255[0;10m[0;10m│[0;10m[0;10m[96m     0.1[0;10m[0;10m│[0;10m[0;10m[96m 11[0;10m[0;10m│[0;10m
[0;10m│[0;10m[0;10m[96mhat     [0;10m[0;10m│[0;10m[0;10m[96mold fashioned[0;10m[0;10m│[0;10m[0;10m[96m   44[0;10m[0;10m│[0;10m[0;10m[96m     0.2[0;10m[0;10m│[0;10m[0;10m[96m 33[0;10m[0;10m│[0;10m
[0;10m│[0;10m[0;10m[96mshoes   [0;10m[0;10m│[0;10m[0;10m[96mfor running  [0;10m[0;10m│[0;10m[0;10m[96m  155[0;10m[0;10m│[0;10m[0;10m[96m       0[0;10m[0;10m│[0;10m[0;10m[96m  4[0;10m[0;10m│[0;10m
[0;10m├[0;10m[0;10m────────[0;10m┼[0;10m─────────────[0;10m┼[0;10m─────[0;10m┼[0;10m────────[0;10m┼[0;10m───[0;10m[0;10m┤[0;10m
[0;10m│[0;10m[0;10m        [0;10m│[0;10m             [0;10m│[0;10m  519[0;10m│[0;10m     0.7[0;10m│[0;10m 78[0;10m[0;10m│[0;10m
[0;10m└[0;10m[0;10m────────[0;10m┴[0;10m─────────────[0;10m┴[0;10m─────[0;10m┴[0;10m────────[0;10m┴[0;10m───[0;10m[0;10m┘[0;10m	

[0;10m┌[0;10m[0;10m────────[0;10m┬[0;10m─────────────[0;10m┬[0;10m─────[0;10m┬[0;10m────────[0;10m┬[0;10m───[0;10m[0;10m┐[0;10m
[0;10m│[0;10m[0;10m[1mitem    [0;10m│[0;10m[1mnote         [0;10m│[0;10m[1mprice[0;10m│[0;10m[1mdiscount[0;10m│[0;10m[1mqty[0;10m[0;10m│[0;10m
[0;10m├[0;10m[0;10m────────[0;10m┼[0;10m─────────────[0;10m┼[0;10m─────[0;10m┼[0;10m────────[0;10m┼[0;10m───[0;10m[0;10m┤[0;10m
[0;10m│[0;10m[0;10m[42msocks   [0;10m[0;10m[42m│[0;10m[0;10m[42mnice and warm[0;10m[0;10m[42m│[0;10m[0;10m[42m   10[0;10m[0;10m[42m│[0;10m[0;10m[42m       0[0;10m[0;10m[42m│[0;10m[0;10m[42m  5[0;10m[0;10m│[0;10m
[0;10m│[0;10m[0;10m[48;5;239mgloves  [0;10m[0;10m[48;5;239m│[0;10m[0;10m[48;5;239mmade of wool [0;10m[0;10m[48;5;239m│[0;10m[0;10m[48;5;239m   55[0;10m[0;10m[48;5;239m│[0;10m[0;10m[48;5;239m     0.4[0;10m[0;10m[48;5;239m│[0;10m[0;10m[48;5;239m 25[0;10m[0;10m│[0;10m
[0;10m│[0;10m[0;10m[42mcardigan[0;10m[0;10m[42m│[0;10m[0;10m[42ma bit pricey [0;10m[0;10m[42m│[0;10m[0;10m[42m  255[0;10m[0;10m[42m│[0;10m[0;10m[42m     0.1[0;10m[0;10m[42m│[0;10m[0;10m[42m 11[0;10m[0;10m│[0;10m
[0;10m│[0;10m[0;10m[48;5;239mhat     [0;10m[0;10m[48;5;239m│[0;10m[0;10m[48;5;239mold fashioned[0;10m[0;10m[48;5;239m│[0;10m[0;10m[48;5;239m   44[0;10m[0;10m[48;5;239m│[0;10m[0;10m[48;5;239m     0.2[0;10m[0;10m[48;5;239m│[0;10m[0;10m[48;5;239m 33[0;10m[0;10m│[0;10m
[0;10m│[0;10m[0;10m[42mshoes   [0;10m[0;10m[42m│[0;10m[0;10m[42mfor running  [0;10m[0;10m[42m│[0;10m[0;10m[42m  155[0;10m[0;10m[42m│[0;10m[0;10m[42m       0[0;10m[0;10m[42m│[0;10m[0;10m[42m  4[0;10m[0;10m│[0;10m
[0;10m├[0;10m[0;10m────────[0;10m┼[0;10m─────────────[0;10m┼[0;10m─────[0;10m┼[0;10m────────[0;10m┼[0;10m───[0;10m[0;10m┤[0;10m
[0;10m│[0;10m[0;10m        [0;10m│[0;10m             [0;10m│[0;10m  519[0;10m│[0;10m     0.7[0;10m│[0;10m 78[0;10m[0;10m│[0;10m
[0;10m└[0;10m[0;10m────────[0;10m┴[0;10m─────────────[0;10m┴[0;10m─────[0;10m┴[0;10m────────[0;10m┴[0;10m───[0;10m[0;10m┘[0;10m	

[0;10m┌[0;10m[0;10m────────[0;10m┬[0;10m─────────────[0;10m┬[0;10m─────[0;10m┬[0;10m────────[0;10m┬[0;10m───[0;10m[0;10m┐[0;10m
[0;10m│[0;10m[0;10m[1mitem    [0;10m│[0;10m[1m[31mN[32mO[36mT[33mE         [0;10m│[0;10m[1mprice[0;10m│[0;10m[1mdiscount[0;10m│[0;10m[1mqty[0;10m[0;10m│[0;10m
[0;10m├[0;10m[0;10m────────[0;10m┼[0;10m─────────────[0;10m┼[0;10m─────[0;10m┼[0;10m────────[0;10m┼[0;10m───[0;10m[0;10m┤[0;10m
[0;10m│[0;10m[0;10msocks   [0;10m[0;10m│[0;10m[0;10mnice and warm[0;10m[0;10m│[0;10m[0;10m [93m10.0[0;10m[0;10m│[0;10m[0;10m       0[0;10m[0;10m│[0;10m[0;10m  5[0;10m[0;10m│[0;10m
[0;10m│[0;10m[0;10m[48;5;239mgloves  [0;10m[0;10m[48;5;239m│[0;10m[0;10m[48;5;239mmade of wool [0;10m[0;10m[48;5;239m│[0;10m[0;10m[48;5;239m [93m55.0[0;10m[0;10m[48;5;239m│[0;10m[0;10m[48;5;239m     0.4[0;10m[0;10m[48;5;239m│[0;10m[0;10m[48;5;239m 25[0;10m[0;10m│[0;10m
[0;10m│[0;10m[0;10mcardigan[0;10m[0;10m│[0;10m[0;10ma bit pricey [0;10m[0;10m│[0;10m[0;10m[93m255.0[0;10m[0;10m│[0;10m[0;10m     0.1[0;10m[0;10m│[0;10m[0;10m 11[0;10m[0;10m│[0;10m
[0;10m│[0;10m[0;10m[48;5;239mhat     [0;10m[0;10m[48;5;239m│[0;10m[0;10m[48;5;239mold fashioned[0;10m[0;10m[48;5;239m│[0;10m[0;10m[48;5;239m [93m44.0[0;10m[0;10m[48;5;239m│[0;10m[0;10m[48;5;239m     0.2[0;10m[0;10m[48;5;239m│[0;10m[0;10m[48;5;239m 33[0;10m[0;10m│[0;10m
[0;10m│[0;10m[0;10mshoes   [0;10m[0;10m│[0;10m[0;10mfor running  [0;10m[0;10m│[0;10m[0;10m[93m155.0[0;10m[0;10m│[0;10m[0;10m       0[0;10m[0;10m│[0;10m[0;10m  4[0;10m[0;10m│[0;10m
[0;10m├[0;10m[0;10m────────[0;10m┼[0;10m─────────────[0;10m┼[0;10m─────[0;10m┼[0;10m────────[0;10m┼[0;10m───[0;10m[0;10m┤[0;10m
[0;10m│[0;10m[0;10m        [0;10m│[0;10m             [0;10m│[0;10m[93m519.0[0;10m│[0;10m     0.7[0;10m│[0;10m 78[0;10m[0;10m│[0;10m
[0;10m└[0;10m[0;10m────────[0;10m┴[0;10m─────────────[0;10m┴[0;10m─────[0;10m┴[0;10m────────[0;10m┴[0;10m───[0;10m[0;10m┘[0;10m	

[0;10m┌[0;10m[0;10m────────[0;10m┬[0;10m─────────────[0;10m┬[0;10m─────[0;10m┬[0;10m────────[0;10m┬[0;10m───[0;10m[0;10m┐[0;10m
[0;10m│[0;10m[0;10m[1;93mitem    [0;10m│[0;10m[1;93mnote         [0;10m│[0;10m[1;93mprice[0;10m│[0;10m[1;93mdiscount[0;10m│[0;10m[1;93mqty[0;10m[0;10m│[0;10m
[0;10m├[0;10m[0;10m────────[0;10m┼[0;10m─────────────[0;10m┼[0;10m─────[0;10m┼[0;10m────────[0;10m┼[0;10m───[0;10m[0;10m┤[0;10m
[0;10m│[0;10m[0;10m[48;5;239msocks   [0;10m[0;10m[48;5;239m│[0;10m[0;10m[48;5;239mnice and warm[0;10m[0;10m[48;5;239m│[0;10m[0;10m[48;5;239m [3;97m10.0[0;10m[0;10m[48;5;239m│[0;10m[0;10m[48;5;239m       0[0;10m[0;10m[48;5;239m│[0;10m[0;10m[48;5;239m  5[0;10m[0;10m│[0;10m
[0;10m│[0;10m[0;10mgloves  [0;10m[0;10m│[0;10m[0;10mmade of wool [0;10m[0;10m│[0;10m[0;10m [3;97m55.0[0;10m[0;10m│[0;10m[0;10m     0.4[0;10m[0;10m│[0;10m[0;10m 25[0;10m[0;10m│[0;10m
[0;10m│[0;10m[0;10m[48;5;239mcardigan[0;10m[0;10m[48;5;239m│[0;10m[0;10m[48;5;239ma bit pricey [0;10m[0;10m[48;5;239m│[0;10m[0;10m[48;5;239m[32m255.0[0;10m[0;10m[48;5;239m│[0;10m[0;10m[48;5;239m     0.1[0;10m[0;10m[48;5;239m│[0;10m[0;10m[48;5;239m 11[0;10m[0;10m│[0;10m
[0;10m│[0;10m[0;10mhat     [0;10m[0;10m│[0;10m[0;10mold fashioned[0;10m[0;10m│[0;10m[0;10m [3;97m44.0[0;10m[0;10m│[0;10m[0;10m     0.2[0;10m[0;10m│[0;10m[0;10m 33[0;10m[0;10m│[0;10m
[0;10m│[0;10m[0;10m[48;5;239mshoes   [0;10m[0;10m[48;5;239m│[0;10m[0;10m[48;5;239mfor running  [0;10m[0;10m[48;5;239m│[0;10m[0;10m[48;5;239m[32m155.0[0;10m[0;10m[48;5;239m│[0;10m[0;10m[48;5;239m       0[0;10m[0;10m[48;5;239m│[0;10m[0;10m[48;5;239m  4[0;10m[0;10m│[0;10m
[0;10m├[0;10m[0;10m────────[0;10m┼[0;10m─────────────[0;10m┼[0;10m─────[0;10m┼[0;10m────────[0;10m┼[0;10m───[0;10m[0;10m┤[0;10m
[0;10m│[0;10m[0;10m        [0;10m│[0;10m             [0;10m│[0;10m[32m519.0[0;10m│[0;10m     0.7[0;10m│[0;10m 78[0;10m[0;10m│[0;10m
[0;10m└[0;10m[0;10m────────[0;10m┴[0;10m─────────────[0;10m┴[0;10m─────[0;10m┴[0;10m────────[0;10m┴[0;10m───[0;10m[0;10m┘[0;10m	

┌────────┬─────────────┬─────┬────────┬───┐
│item    │note         │price│discount│qty│
├────────┼─────────────┼─────┼────────┼───┤
│socks   │nice and warm│ 10.0│       0│  5│
│gloves  │made of wool │ 55.0│     0.4│ 25│
│cardigan│a bit pricey │255.0│     0.1│ 11│
│hat     │old fashioned│ 44.0│     0.2│ 33│
│shoes   │for running  │155.0│       0│  4│
├────────┼─────────────┼─────┼────────┼───┤
│        │             │519.0│     0.7│ 78│
└────────┴─────────────┴─────┴────────┴───┘	

